// Jest Snapshot v1, https://goo.gl/fbAQLP

exports[`renders correctly 1`] = `
<form
  className="taskContainer"
  onSubmit={[Function]}
>
  <input
    autoFocus={true}
    className="taskInput"
    placeholder="Add a task..."
  />
</form>
`;
